******************************************************************************
              TMS320C55x Linker PC v4.4.1                      
******************************************************************************
>> Linked Thu May 28 20:49:43 2020

OUTPUT FILE NAME:   <FIR.out>
ENTRY POINT SYMBOL: "_c_int00"  address: 00020249


MEMORY CONFIGURATION

         name            origin    length      used     unused   attr    fill
                        (bytes)   (bytes)    (bytes)   (bytes)
----------------------  --------  ---------  --------  --------  ----  --------
PAGE 0:
  MMR                   00000000   000000c0  00000000  000000c0  RWIX
  DARAM0                000000c0   0000ff40  00007f16  0000802a  RWIX
  SARAM0                00010000   00010000  00000000  00010000  RWIX
  SARAM1                00020000   00020000  00000299  0001fd67  RWIX
  SARAM2                00040000   0000fe00  00000032  0000fdce  RWIX
  VECS                  0004fe00   00000200  00000100  00000100  RWIX
  PDROM                 00ff8000   00008000  00000000  00008000  R IX

PAGE 2:
  IOPORT                00000000   00020000  00000000  00020000  RWI 


SECTION ALLOCATION MAP
(Addresses surrounded by []'s are displayed for convenience only!)

output                                                          attributes/
section   page  orgn(bytes) orgn(words) len(bytes) len(words)   input sections
--------  ----  ----------- ----------- ---------- ----------   --------------
.pinit       0   [ 00040000 ]  00020000          *   00000000   UNINITIALIZED

.stack       0   [ 000000c0 ]  00000060          *   00001000   UNINITIALIZED
                 [ 000000c0 ]  00000060          *   00001000   --HOLE--

.data        0   [ 000000c0 ]  00000060          *   00000000   UNINITIALIZED

.sysstack 
*            0   [ 000020c0 ]  00001060          *   00000800   UNINITIALIZED
                 [ 000020c0 ]  00001060          *   00000800   --HOLE--

.bss         0   [ 000030c0 ]  00001860          *   00002752   UNINITIALIZED
                 [ 000030c0 ]  00001860          *   0000274a   main.obj (.bss)
                 [ 00007f54 ]  00003faa          *   00000004   rts55x.lib : _lock.obj (.bss)
                 [ 00007f5c ]  00003fae          *   00000004              : exit.obj (.bss)

.const.1     0   [ 00007f64 ]  00003fb2          *   00000037   
                 [ 00007f64 ]  00003fb2          *   00000037   main.obj (.const:_cff)

.const.2     0   [ 00007fd4 ]  00003fea          *   00000002   
                 [ 00007fd4 ]  00003fea          *   00000002   main.obj (.const)

.text        0     00020000  [ 00010000 ] 00000299          *   
                   00020000  [ 00010000 ] 0000011d          *   main.obj (.text)
                   0002011d  [ 0001008e+] 00000056          *   55xdspx_r3.lib : fir.obj (.text)
                   00020173  [ 000100b9+] 0000004d          *   rts55x.lib : autoinit.obj (.text)
                   000201c0  [ 000100e0 ] 0000004b          *              : args_main.obj (.text)
                   0002020b  [ 00010105+] 0000003e          *              : exit.obj (.text)
                   00020249  [ 00010124+] 00000034          *              : boot.obj (.text)
                   0002027d  [ 0001013e+] 00000012          *              : _lock.obj (.text)
                   0002028f  [ 00010147+] 00000007          *              : exit.obj (.text:CIO_breakpoint)
                   00020296  [ 0001014b ] 00000002          *              : vectors.obj (.text)
                   00020298  [ 0001014c ] 00000001          *   --HOLE-- [fill = 20]

.cinit       0   [ 00040000 ]  00020000          *   00000019   
                 [ 00040000 ]  00020000          *   0000000a   rts55x.lib : _lock.obj (.cinit)
                 [ 00040014 ]  0002000a          *   0000000a              : exit.obj (.cinit)
                 [ 00040028 ]  00020014          *   00000004   main.obj (.cinit)
                 [ 00040030 ]  00020018          *   00000001   --HOLE-- [fill = 0]

vectors      0     0004fe00  [ 00027f00 ] 00000100          *   
                   0004fe00  [ 00027f00 ] 00000100          *   rts55x.lib : vectors.obj (vectors)


GLOBAL SYMBOLS: SORTED ALPHABETICALLY BY Name 

abs. value/
byte addr   word addr   name
---------   ---------   ----
00000002                $TI_capability$C5500$CallingConvention
00000002                $TI_capability$C5500$MemoryModel
00000001                $TI_capability_requires_rev3
ffffffff                .bss
ffffffff                .data
ffffffff                .text
00020290                C$$EXIT
0004fe00                _Reset
            00001060    __STACK_END
00002000                __STACK_SIZE
00001000                __SYSSTACK_SIZE
00000001                __TI_args_main
ffffffff                ___binit__
ffffffff                ___bss__
ffffffff                ___c_args__
            00020000    ___cinit__
ffffffff                ___data__
ffffffff                ___edata__
ffffffff                ___end__
ffffffff                ___etext__
ffffffff                ___pinit__
ffffffff                ___text__
000201c0                __args_main
            00003fae    __cleanup_ptr
            00003fb0    __dtors_ptr
            00003faa    __lock
0002028d                __nop
00020285                __register_lock
0002027d                __register_unlock
            00000060    __stack
            00001060    __sysstack
            00003fac    __unlock
0002028f                _abort
00020173                _auto_init
00020000                _blockfir
            00003f70    _buff
00020249                _c_int00
            00003fb2    _cff
            00003fea    _d
0002020b                _exit
0002011d                _fir
00020104                _main
            00001860    _samples
            00002be8    _samples2
00020074                _saw
000200b7                _step_by_step
ffffffff                binit
            00020000    cinit
ffffffff                edata
ffffffff                end
ffffffff                etext
ffffffff                pinit


GLOBAL SYMBOLS: SORTED BY Symbol Address 

abs. value/
byte addr   word addr   name
---------   ---------   ----
00000001                $TI_capability_requires_rev3
00000001                __TI_args_main
00000002                $TI_capability$C5500$CallingConvention
00000002                $TI_capability$C5500$MemoryModel
            00000060    __stack
00001000                __SYSSTACK_SIZE
00002000                __STACK_SIZE
            00001060    __STACK_END
            00001060    __sysstack
            00001860    _samples
            00002be8    _samples2
            00003f70    _buff
            00003faa    __lock
            00003fac    __unlock
            00003fae    __cleanup_ptr
            00003fb0    __dtors_ptr
            00003fb2    _cff
            00003fea    _d
00020000                _blockfir
00020074                _saw
000200b7                _step_by_step
00020104                _main
0002011d                _fir
00020173                _auto_init
000201c0                __args_main
0002020b                _exit
00020249                _c_int00
0002027d                __register_unlock
00020285                __register_lock
0002028d                __nop
0002028f                _abort
00020290                C$$EXIT
            00020000    ___cinit__
            00020000    cinit
0004fe00                _Reset
ffffffff                .bss
ffffffff                .data
ffffffff                .text
ffffffff                ___binit__
ffffffff                ___bss__
ffffffff                ___c_args__
ffffffff                ___data__
ffffffff                ___edata__
ffffffff                ___end__
ffffffff                ___etext__
ffffffff                ___pinit__
ffffffff                ___text__
ffffffff                binit
ffffffff                edata
ffffffff                end
ffffffff                etext
ffffffff                pinit

[52 symbols]
